// Jest Snapshot v1, https://goo.gl/fbAQLP

exports[`Layout renders correctly 1`] = `
<div
  className="css-1grcmmg-cssGlobal-cssGlobal"
>
  <footer
    className="css-98s6cs-Layout-Layout"
  >
    <p>
      Made with Gatsby and React
    </p>
    <p>
      © 2021 Sakib Chowdhury - All rights reserved
    </p>
  </footer>
</div>
`;
